
Ruby 2.2 from RHSCl 2.2 on RHEL 6.8
(Before rh-ruby2.3 becomes available)
-------------------------------------

# yum install rh-ruby22

$ scl enable rh-ruby22 bash

$ which ruby
/opt/rh/rh-ruby22/root/usr/bin/ruby

$ ruby --version
ruby 2.2.2p95 (2015-04-13 revision 50295) [x86_64-linux-gnu]

$ irb --version
irb 0.9.6(09/06/30)

[rt@localhost rh-tthw]$ irb
irb(main):001:0> quit

$ ./hello/hello.rb 
Hello, Red Hat Developers World from Ruby 2.2.2


# yum install rh-ruby22
Loaded plugins: product-id, refresh-packagekit, search-disabled-repos, security, subscription-manager
Setting up Install Process
https://cdn.redhat.com/content/beta/rhel/server/6/6Server/x86_64/rhscl/1/os/repodata/repomd.xml: [Errno 14] PYCURL ERROR 22 - "The requested URL returned error: 404 Not Found"
Trying other mirror.
To address this issue please refer to the below knowledge base article 

https://access.redhat.com/articles/1320623

If above article doesn't help to resolve this issue please open a ticket with Red Hat Support.

Resolving Dependencies
--> Running transaction check
---> Package rh-ruby22.x86_64 0:2.0-6.el6 will be installed
--> Processing Dependency: rh-ruby22-ruby for package: rh-ruby22-2.0-6.el6.x86_64
--> Processing Dependency: rh-ruby22-runtime for package: rh-ruby22-2.0-6.el6.x86_64
--> Running transaction check
---> Package rh-ruby22-ruby.x86_64 0:2.2.2-12.el6 will be installed
--> Processing Dependency: rh-ruby22-ruby-libs(x86-64) = 2.2.2-12.el6 for package: rh-ruby22-ruby-2.2.2-12.el6.x86_64
--> Processing Dependency: rh-ruby22-ruby(rubygems) >= 2.4.5 for package: rh-ruby22-ruby-2.2.2-12.el6.x86_64
--> Processing Dependency: rh-ruby22-rubygem(bigdecimal) >= 1.2.6 for package: rh-ruby22-ruby-2.2.2-12.el6.x86_64
--> Processing Dependency: libruby.so.2.2()(64bit) for package: rh-ruby22-ruby-2.2.2-12.el6.x86_64
---> Package rh-ruby22-runtime.x86_64 0:2.0-6.el6 will be installed
--> Running transaction check
---> Package rh-ruby22-ruby-libs.x86_64 0:2.2.2-12.el6 will be installed
---> Package rh-ruby22-rubygem-bigdecimal.x86_64 0:1.2.6-12.el6 will be installed
---> Package rh-ruby22-rubygems.x86_64 0:2.4.5-12.el6 will be installed
--> Processing Dependency: rh-ruby22-rubygem(io-console) >= 0.4.3 for package: rh-ruby22-rubygems-2.4.5-12.el6.x86_64
--> Processing Dependency: rh-ruby22-rubygem(psych) >= 2.0.8 for package: rh-ruby22-rubygems-2.4.5-12.el6.x86_64
--> Processing Dependency: rh-ruby22-rubygem(rdoc) >= 4.2.0 for package: rh-ruby22-rubygems-2.4.5-12.el6.x86_64
--> Running transaction check
---> Package rh-ruby22-rubygem-io-console.x86_64 0:0.4.3-12.el6 will be installed
---> Package rh-ruby22-rubygem-psych.x86_64 0:2.0.8-12.el6 will be installed
--> Processing Dependency: libyaml for package: rh-ruby22-rubygem-psych-2.0.8-12.el6.x86_64
--> Processing Dependency: libyaml-0.so.2()(64bit) for package: rh-ruby22-rubygem-psych-2.0.8-12.el6.x86_64
---> Package rh-ruby22-rubygem-rdoc.noarch 0:4.2.0-12.el6 will be installed
--> Processing Dependency: rh-ruby22-ruby(irb) = 2.2.2 for package: rh-ruby22-rubygem-rdoc-4.2.0-12.el6.noarch
--> Processing Dependency: rh-ruby22-rubygem(json) >= 1.8.1 for package: rh-ruby22-rubygem-rdoc-4.2.0-12.el6.noarch
--> Running transaction check
---> Package libyaml.x86_64 0:0.1.3-4.el6_6 will be installed
---> Package rh-ruby22-ruby-irb.noarch 0:2.2.2-12.el6 will be installed
---> Package rh-ruby22-rubygem-json.x86_64 0:1.8.1-12.el6 will be installed
--> Finished Dependency Resolution

Dependencies Resolved

===========================================================================================================================================================================================
 Package                                                Arch                             Version                                  Repository                                          Size
===========================================================================================================================================================================================
Installing:
 rh-ruby22                                              x86_64                           2.0-6.el6                                rhel-server-rhscl-6-rpms                           4.5 k
Installing for dependencies:
 libyaml                                                x86_64                           0.1.3-4.el6_6                            rhel-6-server-aus-rpms                              52 k
 rh-ruby22-ruby                                         x86_64                           2.2.2-12.el6                             rhel-server-rhscl-6-rpms                            69 k
 rh-ruby22-ruby-irb                                     noarch                           2.2.2-12.el6                             rhel-server-rhscl-6-rpms                            89 k
 rh-ruby22-ruby-libs                                    x86_6                                                                     | 265 kB     00:00     
(12/12): rh-ruby22-runtime-2.0-6.el6.x86_64.rpm                                                                                        6/12 
  Verifying  : rh-ruby22-rubygem-rdoc-4.2.0-12.el6.noarch




$ uname -a
Linux localhost.localdomain 2.6.32-642.1.1.el6.x86_64 #1 SMP Fri May 6 14:54:05 EDT 2016 x86_64 x86_64 x86_64 GNU/Linux

$ cat /etc/redhat-release 
Red Hat Enterprise Linux Server release 6.8 (Santiago)

